// Jest Snapshot v1, https://goo.gl/fbAQLP

exports[`<UpdateEntry/> should render without throwing an error 1`] = `
<Connect(UpdateEntry)
  ShowEntry={[MockFunction]}
  history={
    Object {
      "push": [MockFunction],
    }
  }
  match={
    Object {
      "params": Object {
        "id": 1,
      },
    }
  }
/>
`;
