// Jest Snapshot v1, https://goo.gl/fbAQLP

exports[`<ViewEntry/> should render without throwing an error 1`] = `
<Connect(ViewEntry)
  ShowEntry={[MockFunction]}
  match={
    Object {
      "params": Object {
        "id": 1,
      },
    }
  }
/>
`;
