// Jest Snapshot v1, https://goo.gl/fbAQLP

exports[`<Header/> should render without throwing an error 1`] = `<Connect(Header) />`;
