// Jest Snapshot v1, https://goo.gl/fbAQLP

exports[`<Signup/> should render without throwing an error 1`] = `
<Connect(Signup)
  SignupUser={[MockFunction]}
  history={
    Object {
      "push": [MockFunction],
    }
  }
  submitSignup={[MockFunction]}
/>
`;
